<html>
<body>
<pre>
<h1>µVision Build Log</h1>
<h2>Project:</h2>
C:\Users\Public\Repositórios\Sistemas Microcontrolados 2022.2\projeto_final\ADCPrintResults.uvproj
Project File Date:  12/14/2022

<h2>Output:</h2>
Build target 'ADCPrintResults'
compiling main.c...
compiling Timer2.c...
linking...
Program Size: Code=4824 RO-data=44 RW-data=12 ZI-data=1028  
".\ADCPrintResults.axf" - 0 Error(s), 0 Warning(s).
 such file or directory
..\..\..\..\lucas\Downloads\Timer2A_Int\Timer2.c: 0 warnings, 1 error
".\ADCPrintResults.axf" - 1 Error(s), 0 Warning(s).
Target not created
